index:   0,class:  16,label:  16,prob: 0.964
index:   1,class:  28,label:  13,prob: 0.623
index:   2,class:  42,label:  42,prob: 0.52
index:   3,class:  55,label:  55,prob: 0.989
index:   4,class:  89,label:  96,prob: 0.515
index:   5,class:   5,label:   5,prob: 0.448
index:   6,class:  81,label:  91,prob: 0.373
index:   7,class:  96,label:  96,prob: 0.344
index:   8,class:  25,label:  25,prob: 0.657
index:   9,class:  86,label:  86,prob: 0.22
index:  10,class:  60,label:  60,prob: 0.959
index:  11,class:  19,label:   6,prob: 0.676
index:  12,class:  61,label:  61,prob: 0.9
index:  13,class:  93,label:  56,prob: 0.633
index:  14,class:  41,label:  41,prob: 0.424
index:  15,class:  37,label:  78,prob: 0.385
index:  16,class:  61,label:  61,prob: 0.512
index:  17,class:  44,label:  44,prob: 0.324
index:  18,class:  84,label:  84,prob: 0.227
index:  19,class:  39,label:  68,prob: 0.757
index:  20,class:  65,label:  65,prob: 1.0
index:  21,class:  83,label:  33,prob: 0.279
index:  22,class:  90,label:  90,prob: 0.988
index:  23,class:  73,label:  73,prob: 0.245
index:  24,class:  34,label:  34,prob: 0.584
index:  25,class:  75,label:  95,prob: 0.248
index:  26,class:   3,label:   3,prob: 0.744
index:  27,class:  70,label:  70,prob: 0.505
index:  28,class:   3,label:   2,prob: 0.456
index:  29,class:  12,label:  12,prob: 0.852
index:  30,class:  59,label:  59,prob: 1.0
index:  31,class:  52,label:  52,prob: 0.555
index:  32,class:   3,label:  87,prob: 0.386
index:  33,class:   5,label:   5,prob: 0.488
index:  34,class:  37,label:  37,prob: 0.79
index:  35,class:  93,label:  93,prob: 0.989
index:  36,class:   3,label:  54,prob: 0.286
index:  37,class:  74,label:  74,prob: 0.982
index:  38,class:  81,label:  18,prob: 0.872
index:  39,class:  39,label:  69,prob: 0.257
index:  40,class:  52,label:  52,prob: 0.469
index:  41,class:  37,label:  12,prob: 0.328
index:  42,class:  49,label:   4,prob: 0.642
index:  43,class:   4,label:   4,prob: 0.585
index:  44,class:  75,label:  75,prob: 0.835
index:  45,class:  73,label:  79,prob: 0.41
index:  46,class:  14,label:  14,prob: 0.989
index:  47,class:  21,label:  21,prob: 0.964
index:  48,class:   0,label:   0,prob: 0.483
index:  49,class:  87,label:  35,prob: 0.395
index:  50,class:  42,label:  67,prob: 0.326
index:  51,class:  64,label:  15,prob: 0.896
index:  52,class:  40,label:  12,prob: 0.37
index:  53,class:  65,label:  65,prob: 1.0
index:  54,class:  49,label:   4,prob: 0.894
index:  55,class:  42,label:  42,prob: 0.381
index:  56,class:  52,label:  52,prob: 0.667
index:  57,class:  42,label:  42,prob: 0.576
index:  58,class:  94,label:  94,prob: 0.511
index:  59,class:  10,label:  98,prob: 0.5
index:  60,class:  11,label:  53,prob: 0.356
index:  61,class:  55,label:  55,prob: 0.999
index:  62,class:  28,label:  28,prob: 0.617
index:  63,class:  49,label:  26,prob: 0.906
index:  64,class:  30,label:  96,prob: 0.402
index:  65,class:  35,label:  51,prob: 0.247
index:  66,class:  42,label:  25,prob: 0.339
index:  67,class:  45,label:  45,prob: 0.852
index:  68,class:  18,label:  18,prob: 0.627
index:  69,class:  91,label:  12,prob: 0.496
index:  70,class:  48,label:  48,prob: 0.95
index:  71,class:  81,label:  81,prob: 0.796
index:  72,class:  14,label:   7,prob: 0.4
index:  73,class:  74,label:  74,prob: 0.527
index:  74,class:  83,label:  99,prob: 0.814
index:  75,class:  49,label:  49,prob: 1.0
index:  76,class:  89,label:  89,prob: 0.34
index:  77,class:  97,label:  97,prob: 0.995
index:  78,class:  32,label:  56,prob: 0.112
index:  79,class:  74,label:  74,prob: 0.963
index:  80,class:  31,label:  82,prob: 0.334
index:  81,class:  46,label:  46,prob: 0.77
index:  82,class:  19,label:  19,prob: 0.859
index:  83,class:  92,label:  18,prob: 0.215
index:  84,class:  49,label:  49,prob: 0.997
index:  85,class:  14,label:  14,prob: 0.981
index:  86,class:  48,label:  48,prob: 0.917
index:  87,class:  32,label:  67,prob: 0.217
index:  88,class:  61,label:   2,prob: 0.406
index:  89,class:  32,label:  32,prob: 0.664
index:  90,class:   3,label:  31,prob: 0.74
index:  91,class:  45,label:  45,prob: 0.994
index:  92,class:  91,label:  91,prob: 0.236
index:  93,class:  48,label:  48,prob: 0.996
index:  94,class:  25,label:  25,prob: 0.568
index:  95,class:  53,label:  53,prob: 0.795
index:  96,class:  52,label:  61,prob: 0.774
index:  97,class:  10,label: 100,prob: 0.289
index:  98,class:  53,label:  53,prob: 0.954
index:  99,class:  18,label:  21,prob: 0.408
index: 100,class:  62,label:  62,prob: 0.997
index: 101,class:  79,label:  97,prob: 0.237
index: 102,class:  64,label:  64,prob: 0.999
index: 103,class:  23,label:  23,prob: 0.484
index: 104,class:  50,label:  50,prob: 0.981
index: 105,class:  65,label:  65,prob: 0.958
index: 106,class:   1,label:   1,prob: 0.918
index: 107,class:  99,label:  99,prob: 0.784
index: 108,class:  14,label:  14,prob: 0.973
index: 109,class:  67,label:  67,prob: 0.854
index: 110,class:  46,label:  46,prob: 0.917
index: 111,class:  47,label:   4,prob: 0.28
index: 112,class:  60,label:  60,prob: 0.558
index: 113,class:  70,label:  70,prob: 0.687
index: 114,class:  86,label:  86,prob: 0.704
index: 115,class:  72,label:  72,prob: 0.89
index: 116,class:   3,label:  39,prob: 0.32
index: 117,class:   3,label:  19,prob: 0.303
index: 118,class:  49,label:  40,prob: 0.965
index: 119,class:  82,label:  82,prob: 0.528
index: 120,class:  36,label:  36,prob: 0.904
index: 121,class:  58,label:  58,prob: 0.946
index: 122,class:  22,label:  22,prob: 0.281
index: 123,class:  63,label:  95,prob: 0.221
index: 124,class:  90,label:  90,prob: 0.387
index: 125,class:  88,label:  88,prob: 0.481
index: 126,class:  83,label:  83,prob: 0.959
index: 127,class:  40,label:  32,prob: 0.478
index: 128,class:  88,label:  88,prob: 0.81
index: 129,class:  10,label:  10,prob: 0.565
index: 130,class:  60,label:  60,prob: 0.736
index: 131,class:  95,label:  69,prob: 0.625
index: 132,class:  80,label:  51,prob: 0.347
index: 133,class:  16,label:  98,prob: 0.177
index: 134,class:  79,label:  79,prob: 0.664
index: 135,class:   0,label:   0,prob: 0.607
index: 136,class:  79,label:  82,prob: 0.634
index: 137,class:  75,label:  75,prob: 0.949
index: 138,class:  60,label: 101,prob: 0.628
index: 139,class:  57,label:  98,prob: 0.47
index: 140,class:  76,label:  76,prob: 0.942
index: 141,class:   3,label:   8,prob: 0.466
index: 142,class:  37,label:   9,prob: 0.625
index: 143,class:  81,label:  17,prob: 0.515
index: 144,class:  23,label:  23,prob: 0.719
index: 145,class:  89,label:  82,prob: 0.199
index: 146,class:  77,label:  48,prob: 0.85
index: 147,class:  52,label:  52,prob: 0.798
index: 148,class:   3,label:   3,prob: 0.361
index: 149,class:   7,label:   7,prob: 0.968
index: 150,class:  14,label:  14,prob: 0.93
index: 151,class:   1,label:   1,prob: 0.826
index: 152,class:  49,label:  53,prob: 0.81
index: 153,class:  81,label:  81,prob: 0.933
index: 154,class:  54,label:  75,prob: 0.406
index: 155,class:  70,label:  70,prob: 0.609
index: 156,class:  11,label:  11,prob: 0.922
index: 157,class:  16,label:  16,prob: 0.615
index: 158,class:  67,label:  67,prob: 0.876
index: 159,class:  49,label:  49,prob: 0.999
index: 160,class:  76,label:  28,prob: 0.754
index: 161,class: 101,label: 101,prob: 0.508
index: 162,class:  38,label:  38,prob: 0.255
index: 163,class:  68,label:  68,prob: 0.565
index: 164,class:  59,label:  59,prob: 0.929
index: 165,class:  49,label:  53,prob: 0.919
index: 166,class:  97,label:  97,prob: 0.396
index: 167,class:  39,label:  88,prob: 0.342
index: 168,class:  94,label: 101,prob: 0.37
index: 169,class:   1,label:   5,prob: 0.658
index: 170,class:   0,label:   0,prob: 0.956
index: 171,class:  37,label:  21,prob: 0.474
index: 172,class:  24,label:  24,prob: 0.503
index: 173,class:   5,label:   5,prob: 0.999
index: 174,class:  81,label:  18,prob: 0.564
index: 175,class:  92,label:  66,prob: 0.432
index: 176,class:  30,label:  79,prob: 0.385
index: 177,class:   2,label:   0,prob: 0.491
index: 178,class:  64,label:  15,prob: 0.693
index: 179,class:   6,label:   6,prob: 0.857
index: 180,class:  38,label:  92,prob: 0.436
index: 181,class:  72,label:  91,prob: 0.439
index: 182,class:  78,label:  78,prob: 0.345
index: 183,class:  74,label:  74,prob: 0.779
index: 184,class:  77,label:  72,prob: 0.746
index: 185,class:  52,label:  95,prob: 0.493
index: 186,class:  59,label:  59,prob: 1.0
index: 187,class:  63,label:  63,prob: 0.587
index: 188,class:  49,label:  11,prob: 0.943
index: 189,class:  68,label:  68,prob: 0.803
index: 190,class:  21,label:   9,prob: 0.298
index: 191,class:  65,label:  65,prob: 0.988
index: 192,class:  52,label:  15,prob: 0.546
index: 193,class:  75,label:  75,prob: 0.63
index: 194,class:  58,label:  58,prob: 0.935
index: 195,class:  64,label:  94,prob: 0.98
index: 196,class:  86,label:  79,prob: 0.193
index: 197,class:  13,label:  13,prob: 0.267
index: 198,class:  24,label:  24,prob: 0.462
index: 199,class:  46,label:  46,prob: 0.988
index: 200,class:  26,label:  26,prob: 0.878
index: 201,class:  81,label:  81,prob: 0.991
index: 202,class:  53,label:  53,prob: 0.996
index: 203,class:  47,label:  47,prob: 0.819
index: 204,class:  87,label:  87,prob: 0.905
index: 205,class:  11,label:  11,prob: 0.783
index: 206,class:  11,label:  11,prob: 0.359
index: 207,class:   6,label:   6,prob: 0.847
index: 208,class:  88,label:  88,prob: 0.365
index: 209,class:  50,label:  50,prob: 0.519
index: 210,class:   3,label:  10,prob: 0.774
index: 211,class:  38,label:  38,prob: 0.573
index: 212,class:  73,label:  73,prob: 0.978
index: 213,class:  48,label:  48,prob: 0.74
index: 214,class:  29,label:  31,prob: 0.879
index: 215,class:  16,label:  16,prob: 0.993
index: 216,class:  37,label:  90,prob: 0.512
index: 217,class:  76,label:  76,prob: 0.994
index: 218,class:  20,label:  20,prob: 0.472
index: 219,class:  46,label:  46,prob: 0.992
index: 220,class:  69,label:  69,prob: 0.257
index: 221,class:   7,label:   7,prob: 0.815
index: 222,class:  68,label:  68,prob: 0.661
index: 223,class:  64,label:  47,prob: 0.999
index: 224,class:  62,label:  70,prob: 0.237
index: 225,class:  48,label:  48,prob: 0.894
index: 226,class:  46,label:  46,prob: 0.63
index: 227,class:  57,label:  57,prob: 0.999
index: 228,class:  70,label:  40,prob: 0.351
index: 229,class:  21,label:  22,prob: 0.746
index: 230,class:  81,label:  39,prob: 0.808
index: 231,class:  91,label:  91,prob: 0.999
index: 232,class:  68,label:  95,prob: 0.707
index: 233,class:  50,label:  19,prob: 0.494
index: 234,class:  80,label:  80,prob: 0.917
index: 235,class:  13,label:  13,prob: 0.888
index: 236,class:  40,label:  40,prob: 0.328
index: 237,class:  40,label:  40,prob: 0.811
index: 238,class:  87,label:   3,prob: 0.24
index: 239,class:   3,label:  83,prob: 0.319
index: 240,class:   1,label:  16,prob: 0.305
index: 241,class:  93,label:  93,prob: 0.476
index: 242,class:  73,label:  73,prob: 0.562
index: 243,class:  14,label:  14,prob: 0.807
index: 244,class:  91,label:  30,prob: 0.894
index: 245,class:  83,label:  17,prob: 0.674
index: 246,class:  89,label:  40,prob: 0.708
index: 247,class:  42,label:  30,prob: 0.23
index: 248,class:  29,label:  29,prob: 0.78
index: 249,class:  52,label:  69,prob: 0.354
index: 250,class:  75,label:  75,prob: 0.98
index: 251,class:  81,label:  18,prob: 0.459
index: 252,class:   3,label:   3,prob: 0.917
index: 253,class:  33,label:  33,prob: 0.466
index: 254,class:  88,label:  88,prob: 0.384
index: 255,class:  91,label:  84,prob: 0.506
index: 256,class:  74,label:  19,prob: 0.307
index: 257,class:  57,label:  57,prob: 0.991
index: 258,class:  43,label:  43,prob: 0.508
index: 259,class:  88,label:  88,prob: 0.919
index: 260,class:  52,label:  52,prob: 0.838
index: 261,class:  43,label:  43,prob: 0.941
index: 262,class:  72,label:  48,prob: 0.947
index: 263,class:  50,label:  95,prob: 0.325
index: 264,class:  90,label:  90,prob: 0.993
index: 265,class:  41,label:  41,prob: 0.705
index: 266,class:  81,label:  81,prob: 0.918
index: 267,class:  89,label:  89,prob: 0.486
index: 268,class:  24,label:  24,prob: 0.654
index: 269,class:  58,label:  58,prob: 0.98
index: 270,class:  83,label:  78,prob: 0.462
index: 271,class:  78,label:  78,prob: 0.4
index: 272,class:  64,label:  64,prob: 0.998
index: 273,class:  50,label:  41,prob: 0.752
index: 274,class:  20,label:  20,prob: 0.68
index: 275,class:  47,label:  47,prob: 0.947
index: 276,class:   5,label:   5,prob: 0.546
index: 277,class:   0,label:  30,prob: 0.376
index: 278,class:  47,label:  47,prob: 0.732
index: 279,class:  59,label:  60,prob: 0.661
index: 280,class:  15,label:  47,prob: 0.383
index: 281,class:  52,label:  89,prob: 0.724
index: 282,class:  28,label:  28,prob: 0.423
index: 283,class:  20,label:  20,prob: 0.682
index: 284,class:  81,label:  39,prob: 0.56
index: 285,class:  40,label:  40,prob: 0.961
index: 286,class:  63,label:  52,prob: 0.388
index: 287,class:  16,label:  16,prob: 0.984
index: 288,class:  89,label:  89,prob: 0.479
index: 289,class:  74,label:  97,prob: 0.32
index: 290,class:   3,label:  93,prob: 0.25
index: 291,class:  97,label:  97,prob: 0.819
index: 292,class:  72,label:  72,prob: 0.313
index: 293,class:  98,label:  98,prob: 0.6
index: 294,class:  83,label:  39,prob: 0.302
index: 295,class:  83,label:  82,prob: 0.463
index: 296,class:  84,label:  84,prob: 0.837
index: 297,class:  71,label:  71,prob: 0.816
index: 298,class:  14,label:  53,prob: 0.872
index: 299,class:  32,label:  54,prob: 0.642
index: 300,class:  84,label:  84,prob: 0.887
index: 301,class:  54,label:  54,prob: 0.866
index: 302,class:  89,label:  53,prob: 0.513
index: 303,class:  62,label:  62,prob: 0.916
index: 304,class:  49,label:  26,prob: 0.634
index: 305,class:  61,label:  83,prob: 0.692
index: 306,class:  24,label:   8,prob: 0.528
index: 307,class:  16,label:  16,prob: 0.991
index: 308,class:  27,label:  27,prob: 0.248
index: 309,class:  27,label:  27,prob: 0.631
index: 310,class:  48,label:  48,prob: 0.694
index: 311,class:  71,label:  71,prob: 0.891
index: 312,class:  14,label:  14,prob: 0.994
index: 313,class:  36,label:  36,prob: 0.971
index: 314,class:  62,label:  62,prob: 0.986
index: 315,class:  37,label:   9,prob: 0.534
index: 316,class:  97,label:  21,prob: 0.717
index: 317,class:  73,label:  73,prob: 0.837
index: 318,class:  60,label:  93,prob: 0.851
index: 319,class:  56,label:  56,prob: 0.998
index: 320,class:  25,label:  84,prob: 0.416
index: 321,class:  42,label:  42,prob: 0.598
index: 322,class:  65,label:  65,prob: 0.997
index: 323,class:  64,label:  64,prob: 0.994
index: 324,class:  65,label:  65,prob: 0.999
index: 325,class:  91,label:  12,prob: 0.532
index: 326,class:  61,label:  61,prob: 0.574
index: 327,class:   9,label:   9,prob: 0.362
index: 328,class:   9,label:   9,prob: 0.594
index: 329,class:  49,label:  70,prob: 0.324
index: 330,class:  32,label:  34,prob: 0.509
index: 331,class:  49,label:  11,prob: 0.464
index: 332,class:  13,label:  13,prob: 0.692
index: 333,class:  10,label:  10,prob: 0.428
index: 334,class:  85,label:  85,prob: 0.591
index: 335,class:  14,label:  14,prob: 0.8
index: 336,class:   2,label:  27,prob: 0.373
index: 337,class:  28,label:  13,prob: 0.408
index: 338,class:  50,label:  45,prob: 0.257
index: 339,class:  71,label:  92,prob: 0.235
index: 340,class:  83,label:  68,prob: 0.589
index: 341,class:  76,label:  76,prob: 0.984
index: 342,class:  77,label:  72,prob: 0.537
index: 343,class:  97,label:  66,prob: 0.387
index: 344,class:  79,label:  79,prob: 0.307
index: 345,class:  38,label:  92,prob: 0.277
index: 346,class:  86,label:  86,prob: 0.431
index: 347,class:  30,label:  30,prob: 0.928
index: 348,class:  67,label:  67,prob: 0.81
index: 349,class:   8,label:   8,prob: 0.555
index: 350,class:  69,label:  69,prob: 0.582
index: 351,class:  37,label:   9,prob: 0.462
index: 352,class:  24,label:  24,prob: 0.925
index: 353,class:  43,label:  43,prob: 0.961
index: 354,class:  91,label:  21,prob: 0.457
index: 355,class:  39,label:   5,prob: 0.335
index: 356,class:  87,label:  31,prob: 0.699
index: 357,class:  51,label:  51,prob: 0.264
index: 358,class:   3,label:  77,prob: 0.331
index: 359,class:  89,label:  20,prob: 0.277
index: 360,class:  90,label:  22,prob: 0.712
index: 361,class:  57,label:  30,prob: 0.489
index: 362,class:  74,label:   6,prob: 0.283
index: 363,class:  54,label:  38,prob: 0.654
index: 364,class:  74,label:  19,prob: 0.399
index: 365,class:  41,label:  15,prob: 0.339
index: 366,class:  49,label:  26,prob: 0.587
index: 367,class:  29,label:  29,prob: 0.944
index: 368,class:  77,label:  77,prob: 0.79
index: 369,class:  74,label:  74,prob: 0.937
index: 370,class:  97,label:   2,prob: 0.363
index: 371,class:  64,label:  64,prob: 1.0
index: 372,class:  51,label:  51,prob: 0.914
index: 373,class:  76,label:  76,prob: 0.999
index: 374,class:  27,label:  27,prob: 0.416
index: 375,class:  64,label:  64,prob: 0.308
index: 376,class:  43,label:  43,prob: 0.941
index: 377,class:  97,label:  18,prob: 0.741
index: 378,class:  49,label:  49,prob: 0.964
index: 379,class:  85,label:  85,prob: 0.296
index: 380,class:   0,label:   0,prob: 0.492
index: 381,class:  64,label:  64,prob: 1.0
index: 382,class:  31,label:  29,prob: 0.468
index: 383,class:  40,label:  98,prob: 0.39
index: 384,class:  34,label:  34,prob: 0.755
index: 385,class:  57,label:  30,prob: 0.538
index: 386,class:  58,label:  58,prob: 0.98
index: 387,class:  21,label:  21,prob: 0.982
index: 388,class:  23,label:  23,prob: 0.437
index: 389,class:  12,label:  12,prob: 0.991
index: 390,class:  41,label:  41,prob: 0.698
index: 391,class:  44,label:  44,prob: 0.492
index: 392,class:  85,label:  71,prob: 0.481
index: 393,class:  63,label:  63,prob: 0.783
index: 394,class:  83,label:  35,prob: 0.252
index: 395,class:  35,label:  35,prob: 0.915
index: 396,class:  77,label:  77,prob: 0.927
index: 397,class:  90,label:   5,prob: 0.221
index: 398,class:  77,label:  77,prob: 0.884
index: 399,class:  27,label:   8,prob: 0.395
index: 400,class:  27,label:  27,prob: 0.691
index: 401,class:  71,label:  71,prob: 0.409
index: 402,class:  65,label:  65,prob: 1.0
index: 403,class:  64,label:   4,prob: 0.315
index: 404,class:   2,label:  27,prob: 0.581
index: 405,class:  91,label:  91,prob: 0.953
index: 406,class:  82,label:  52,prob: 0.304
index: 407,class:  75,label:  75,prob: 0.913
index: 408,class:  54,label:  54,prob: 0.824
index: 409,class:  28,label:  13,prob: 0.895
index: 410,class:  75,label:  95,prob: 0.444
index: 411,class:  56,label:  56,prob: 0.984
index: 412,class:  66,label:  66,prob: 0.749
index: 413,class:  76,label:  76,prob: 0.917
index: 414,class:  86,label:  42,prob: 0.249
index: 415,class:  99,label:  99,prob: 0.412
index: 416,class:  81,label:  50,prob: 0.376
index: 417,class:  60,label:  60,prob: 0.884
index: 418,class:   3,label:   2,prob: 0.431
index: 419,class:  47,label:  49,prob: 0.686
index: 420,class:  43,label:  43,prob: 0.74
index: 421,class:  63,label:  63,prob: 0.742
index: 422,class:  59,label:  59,prob: 1.0
index: 423,class:  14,label:  14,prob: 0.882
index: 424,class:  66,label:  66,prob: 0.206
index: 425,class:  57,label:  58,prob: 0.363
index: 426,class:  56,label:  56,prob: 0.469
index: 427,class:  96,label:  22,prob: 0.427
index: 428,class:  54,label:  54,prob: 0.964
index: 429,class:  55,label:  55,prob: 0.952
index: 430,class:  56,label:  28,prob: 0.793
index: 431,class:   6,label:   6,prob: 0.605
index: 432,class:  47,label:  47,prob: 0.577
index: 433,class:  98,label:  98,prob: 0.866
index: 434,class:   6,label:   6,prob: 0.67
index: 435,class:  76,label:  34,prob: 0.582
index: 436,class:  10,label:  10,prob: 0.704
index: 437,class:  72,label:  41,prob: 0.503
index: 438,class:  51,label:  51,prob: 0.983
index: 439,class:  51,label:  51,prob: 0.992
index: 440,class:  75,label:  75,prob: 0.909
index: 441,class:  46,label:  46,prob: 0.981
index: 442,class:  27,label:   8,prob: 0.372
index: 443,class:  28,label:  28,prob: 0.851
index: 444,class:  90,label:  90,prob: 0.756
index: 445,class:  95,label:  95,prob: 0.449
index: 446,class:  94,label:  82,prob: 0.478
index: 447,class:   3,label:  71,prob: 0.626
index: 448,class:  58,label:  58,prob: 0.995
index: 449,class:  54,label:  92,prob: 0.843
index: 450,class:  48,label:  48,prob: 0.968
index: 451,class:  49,label:  46,prob: 0.295
index: 452,class:  67,label:   2,prob: 0.207
index: 453,class:  88,label:   4,prob: 0.328
index: 454,class:  94,label:  31,prob: 0.704
index: 455,class:   1,label:   1,prob: 0.996
index: 456,class:  28,label:  28,prob: 0.951
index: 457,class:  41,label:  41,prob: 0.583
index: 458,class:  50,label:  41,prob: 0.341
index: 459,class:  33,label:  33,prob: 0.371
index: 460,class:  77,label:  77,prob: 0.732
index: 461,class:  72,label:  73,prob: 0.691
index: 462,class:  78,label:  78,prob: 0.581
index: 463,class:   6,label:   6,prob: 0.314
index: 464,class:  50,label:  64,prob: 0.746
index: 465,class:  25,label:  25,prob: 0.411
index: 466,class:  75,label:   2,prob: 0.654
index: 467,class:  49,label:  26,prob: 0.634
index: 468,class:  80,label:  80,prob: 0.994
index: 469,class:  51,label:  51,prob: 0.936
index: 470,class:  28,label:  28,prob: 0.953
index: 471,class:  27,label:  27,prob: 0.888
index: 472,class:  55,label:  55,prob: 0.993
index: 473,class:  49,label:   5,prob: 0.673
index: 474,class:  95,label:  95,prob: 0.211
index: 475,class:  97,label:  85,prob: 0.699
index: 476,class:  62,label:  62,prob: 0.966
index: 477,class:  33,label:  33,prob: 0.61
index: 478,class:  86,label:  86,prob: 0.842
index: 479,class: 100,label:  17,prob: 0.462
index: 480,class:  38,label:  35,prob: 0.392
index: 481,class:  24,label:  28,prob: 0.804
index: 482,class:  91,label:  23,prob: 0.554
index: 483,class:  75,label:  75,prob: 0.82
index: 484,class:  71,label:  30,prob: 0.444
index: 485,class:  35,label:  35,prob: 0.938
index: 486,class:  95,label:  95,prob: 0.425
index: 487,class:  73,label:  30,prob: 0.394
index: 488,class:  65,label:  65,prob: 0.995
index: 489,class:  70,label:  70,prob: 0.895
index: 490,class:  73,label:  73,prob: 0.773
index: 491,class:  60,label:  60,prob: 0.974
index: 492,class:  53,label:  53,prob: 0.455
index: 493,class:  94,label:  94,prob: 0.644
index: 494,class:  97,label:  71,prob: 0.475
index: 495,class:  72,label:  72,prob: 0.638
index: 496,class:   7,label:   7,prob: 0.458
index: 497,class:   3,label:  94,prob: 0.27
index: 498,class:  39,label:  39,prob: 0.354
index: 499,class:  37,label:  37,prob: 0.795
index: 500,class: 100,label:  98,prob: 0.226
index: 501,class:  50,label:  50,prob: 0.398
index: 502,class:  74,label:  74,prob: 0.86
index: 503,class:   1,label:   1,prob: 0.895
index: 504,class:  57,label:   5,prob: 0.425
index: 505,class:  26,label:  23,prob: 0.928
index: 506,class:  87,label:  87,prob: 0.879
index: 507,class:  71,label:  29,prob: 0.507
index: 508,class:   6,label:   6,prob: 0.347
index: 509,class:  44,label:  44,prob: 0.903
index: 510,class:  36,label:  36,prob: 0.979
index: 511,class:  49,label:  49,prob: 0.985
index: 512,class:  88,label:  99,prob: 0.253
index: 513,class:   2,label:  44,prob: 0.589
index: 514,class: 101,label:  99,prob: 0.265
index: 515,class:  49,label:  11,prob: 0.747
index: 516,class:   7,label:   7,prob: 0.601
index: 517,class:  83,label:  48,prob: 0.695
index: 518,class:   6,label:  43,prob: 0.215
index: 519,class:  86,label:  86,prob: 0.555
index: 520,class:  83,label:  83,prob: 0.934
index: 521,class:  28,label:  28,prob: 0.946
index: 522,class:  24,label:  97,prob: 0.487
index: 523,class:  10,label:  38,prob: 0.229
index: 524,class:  49,label:   4,prob: 0.996
index: 525,class:  58,label:   4,prob: 0.536
index: 526,class:  49,label:  49,prob: 0.973
index: 527,class:  72,label:  72,prob: 0.999
index: 528,class:  56,label:  56,prob: 0.997
index: 529,class:  23,label:  20,prob: 0.397
index: 530,class:  79,label:  87,prob: 0.181
index: 531,class:  36,label:  36,prob: 0.881
index: 532,class:  33,label:  33,prob: 0.904
index: 533,class:  91,label:  91,prob: 0.983
index: 534,class:  67,label:  66,prob: 0.164
index: 535,class:  37,label:  37,prob: 0.479
index: 536,class:   3,label:  24,prob: 0.541
index: 537,class:  97,label:  75,prob: 0.505
index: 538,class:  12,label:  12,prob: 0.977
index: 539,class:  85,label:  85,prob: 0.515
index: 540,class:  64,label:  64,prob: 0.945
index: 541,class:  64,label:  15,prob: 0.895
index: 542,class:  97,label:  97,prob: 0.911
index: 543,class:  97,label:  97,prob: 0.463
index: 544,class:  23,label:  23,prob: 0.603
index: 545,class:  76,label:  76,prob: 0.315
index: 546,class:  39,label:  67,prob: 0.393
index: 547,class:   4,label:  25,prob: 0.35
index: 548,class:  26,label: 101,prob: 0.359
index: 549,class:  71,label:  30,prob: 0.232
index: 550,class:  80,label:  19,prob: 0.903
index: 551,class:  65,label:  65,prob: 0.997
index: 552,class:  76,label:  76,prob: 0.938
index: 553,class:   9,label:  21,prob: 0.453
index: 554,class:  81,label:  93,prob: 0.661
index: 555,class:  60,label:  60,prob: 0.954
index: 556,class:  20,label:  20,prob: 0.747
index: 557,class:  83,label:  83,prob: 0.801
index: 558,class:  75,label:  42,prob: 0.385
index: 559,class:  63,label:  63,prob: 0.93
index: 560,class:  91,label:  91,prob: 0.193
index: 561,class:  22,label:  22,prob: 0.972
index: 562,class:  88,label:  47,prob: 0.276
index: 563,class:  45,label:  62,prob: 0.421
index: 564,class:  76,label:  76,prob: 0.997
index: 565,class:  76,label:  12,prob: 0.422
index: 566,class:  20,label:  20,prob: 0.515
index: 567,class:  54,label:  54,prob: 0.476
index: 568,class:   0,label:  83,prob: 0.209
index: 569,class:  86,label:  86,prob: 0.231
index: 570,class: 100,label: 100,prob: 0.533
index: 571,class:  37,label:  37,prob: 0.916
index: 572,class:  55,label:  55,prob: 0.992
index: 573,class:   2,label:   0,prob: 0.172
index: 574,class:  49,label:  49,prob: 0.984
index: 575,class:   3,label:  31,prob: 0.41
index: 576,class:  57,label:  57,prob: 0.995
index: 577,class:  85,label:  85,prob: 0.538
index: 578,class:  13,label:  13,prob: 0.487
index: 579,class:  71,label:  71,prob: 0.36
index: 580,class:  40,label:  82,prob: 0.294
index: 581,class:  76,label:  32,prob: 0.448
index: 582,class:  10,label:  98,prob: 0.331
index: 583,class:  37,label:  67,prob: 0.337
index: 584,class:  67,label:  79,prob: 0.429
index: 585,class:  31,label:  94,prob: 0.362
index: 586,class:  82,label:  95,prob: 0.353
index: 587,class:  90,label:  90,prob: 0.991
index: 588,class:  63,label:  63,prob: 0.989
index: 589,class:  58,label:  58,prob: 0.823
index: 590,class:  86,label:  86,prob: 0.81
index: 591,class:  38,label:  92,prob: 0.17
index: 592,class:  81,label:   8,prob: 0.925
index: 593,class:  49,label:  40,prob: 0.455
index: 594,class:  79,label:  79,prob: 0.656
index: 595,class:  81,label:  44,prob: 0.988
index: 596,class:  73,label:  15,prob: 0.799
index: 597,class:  90,label:  90,prob: 0.856
index: 598,class:  41,label:  41,prob: 0.487
index: 599,class:   2,label:  50,prob: 0.197
index: 600,class:  47,label:  15,prob: 0.396
index: 601,class:  79,label:  79,prob: 0.635
index: 602,class:  91,label:  20,prob: 0.447
index: 603,class:  15,label:  15,prob: 0.35
index: 604,class:  90,label:   6,prob: 0.648
index: 605,class:   0,label:   0,prob: 0.896
index: 606,class:  49,label:  53,prob: 0.92
index: 607,class:  81,label:  81,prob: 0.997
index: 608,class:  95,label:  61,prob: 0.301
index: 609,class:  83,label:  66,prob: 0.464
index: 610,class:  47,label:  47,prob: 0.918
index: 611,class:  73,label:  73,prob: 0.557
index: 612,class:  35,label:  35,prob: 0.993
index: 613,class:  92,label:  92,prob: 0.644
index: 614,class:  71,label:  10,prob: 0.227
index: 615,class:  77,label:  38,prob: 0.982
index: 616,class:   5,label:   5,prob: 0.444
index: 617,class:  76,label:  66,prob: 0.898
index: 618,class:  56,label:  56,prob: 0.921
index: 619,class:  59,label:  59,prob: 0.956
index: 620,class:  16,label:  16,prob: 0.997
index: 621,class:  90,label:  90,prob: 0.364
index: 622,class:  77,label:  77,prob: 0.332
index: 623,class:  42,label: 100,prob: 0.646
index: 624,class:  36,label:  36,prob: 0.988
index: 625,class:  45,label:  45,prob: 0.908
index: 626,class:   0,label:  61,prob: 0.398
index: 627,class:  49,label:  49,prob: 0.456
index: 628,class:  16,label:  16,prob: 0.926
index: 629,class:  90,label: 101,prob: 0.203
index: 630,class:  49,label:  40,prob: 0.745
index: 631,class:  81,label:  76,prob: 0.741
index: 632,class:   7,label:   7,prob: 0.486
index: 633,class:  80,label:  61,prob: 0.766
index: 634,class:  55,label:  55,prob: 0.999
index: 635,class:  72,label:  72,prob: 0.994
index: 636,class:  23,label:  23,prob: 0.488
index: 637,class:  16,label:  16,prob: 0.972
index: 638,class:  37,label:  34,prob: 0.432
index: 639,class:  92,label:  66,prob: 0.4
index: 640,class:  92,label:  74,prob: 0.278
index: 641,class:  29,label:  29,prob: 0.963
index: 642,class:  79,label:  87,prob: 0.378
index: 643,class:  79,label:  79,prob: 0.344
index: 644,class:  52,label:  52,prob: 0.956
index: 645,class: 100,label: 100,prob: 0.846
index: 646,class:  94,label:   0,prob: 0.397
index: 647,class:  49,label:  26,prob: 0.439
index: 648,class:  88,label:  88,prob: 0.871
index: 649,class:  47,label:  47,prob: 0.675
index: 650,class:  59,label: 101,prob: 0.975
index: 651,class:  24,label:  42,prob: 0.201
index: 652,class:  87,label:  31,prob: 0.976
index: 653,class:  50,label:  27,prob: 0.638
index: 654,class:  74,label:  44,prob: 0.675
index: 655,class:  87,label:  87,prob: 0.241
index: 656,class:  21,label:  21,prob: 0.947
index: 657,class:   1,label:   1,prob: 1.0
index: 658,class:  83,label:  68,prob: 0.904
index: 659,class:  46,label:  46,prob: 0.985
index: 660,class:  27,label:  92,prob: 0.419
index: 661,class:  68,label:  68,prob: 0.458
index: 662,class:  49,label:  11,prob: 0.6
index: 663,class:  45,label:  20,prob: 0.389
index: 664,class:  44,label:  44,prob: 0.98
index: 665,class:  57,label:  57,prob: 0.994
index: 666,class:  72,label:  84,prob: 0.386
index: 667,class:  97,label:  24,prob: 0.355
index: 668,class:  25,label:  25,prob: 0.978
index: 669,class:  76,label:  76,prob: 0.998
index: 670,class:  90,label:  12,prob: 0.984
index: 671,class:  79,label:  82,prob: 0.586
index: 672,class:  29,label:  37,prob: 0.141
index: 673,class:  91,label:  45,prob: 0.784
index: 674,class:  77,label:  77,prob: 0.997
index: 675,class:  81,label:   8,prob: 0.957
index: 676,class:  41,label:  41,prob: 0.732
index: 677,class:  33,label:  33,prob: 0.6
index: 678,class:  42,label:  42,prob: 0.628
index: 679,class:  77,label:  51,prob: 0.669
index: 680,class:  89,label:  15,prob: 0.4
index: 681,class:  50,label:  50,prob: 0.994
index: 682,class:   0,label:   0,prob: 0.784
index: 683,class:  59,label:  59,prob: 0.999
index: 684,class:  37,label:  37,prob: 0.952
index: 685,class:  39,label:  81,prob: 0.413
index: 686,class:  86,label:  86,prob: 0.464
index: 687,class:  83,label:  68,prob: 0.476
index: 688,class:  42,label: 100,prob: 0.174
index: 689,class:  81,label:  43,prob: 0.214
index: 690,class:  94,label:  17,prob: 0.306
index: 691,class:  50,label:  50,prob: 0.967
index: 692,class:  52,label:  61,prob: 0.154
index: 693,class:  43,label:  43,prob: 0.642
index: 694,class:  90,label:  41,prob: 0.215
index: 695,class:  91,label:  28,prob: 0.779
index: 696,class:  20,label:  20,prob: 0.819
index: 697,class:  92,label:  92,prob: 0.82
index: 698,class:  78,label:  78,prob: 0.409
index: 699,class:  73,label:  73,prob: 0.7
index: 700,class:  64,label:  15,prob: 0.446
index: 701,class:  73,label:  23,prob: 0.777
index: 702,class:  87,label:  87,prob: 0.878
index: 703,class:  92,label:  13,prob: 0.541
index: 704,class:  86,label:  86,prob: 0.638
index: 705,class:  93,label:  93,prob: 0.986
index: 706,class:  54,label:  54,prob: 0.772
index: 707,class:   1,label:   1,prob: 1.0
index: 708,class:  24,label:  24,prob: 0.885
index: 709,class:  94,label:  94,prob: 0.921
index: 710,class:  32,label:  32,prob: 0.563
index: 711,class:  70,label:  70,prob: 0.694
index: 712,class:  45,label:  45,prob: 0.945
index: 713,class:  32,label:  32,prob: 0.917
index: 714,class:  36,label:  36,prob: 0.865
index: 715,class:  58,label:  58,prob: 0.739
index: 716,class:  57,label:  57,prob: 0.961
index: 717,class:  19,label:  19,prob: 0.7
index: 718,class:   8,label:   3,prob: 0.349
index: 719,class:  19,label:  19,prob: 0.656
index: 720,class:  50,label:  96,prob: 0.404
index: 721,class:  68,label:  68,prob: 0.847
index: 722,class:  87,label:  87,prob: 0.79
index: 723,class:  57,label:  84,prob: 0.447
index: 724,class:  99,label:  99,prob: 0.208
index: 725,class:  58,label:  58,prob: 0.928
index: 726,class:  14,label:  14,prob: 0.983
index: 727,class:  59,label:  59,prob: 0.999
index: 728,class:  37,label:  37,prob: 0.652
index: 729,class:  42,label:  42,prob: 0.573
index: 730,class:  83,label:  17,prob: 0.541
index: 731,class:  34,label:  34,prob: 0.862
index: 732,class:  91,label:  91,prob: 0.805
index: 733,class:  14,label:  14,prob: 0.917
index: 734,class:  14,label:   7,prob: 0.236
index: 735,class:   1,label:   1,prob: 0.959
index: 736,class:  81,label:  81,prob: 0.888
index: 737,class:  71,label:  75,prob: 0.414
index: 738,class:  25,label:  25,prob: 0.986
index: 739,class:  64,label:  63,prob: 0.639
index: 740,class:  83,label:  33,prob: 0.538
index: 741,class:  93,label:  93,prob: 0.92
index: 742,class:  89,label:  89,prob: 0.353
index: 743,class:  24,label:  24,prob: 0.717
index: 744,class:  99,label:  99,prob: 0.921
index: 745,class:  74,label:  74,prob: 0.958
index: 746,class:  37,label:  37,prob: 0.828
index: 747,class:  94,label:  94,prob: 0.631
index: 748,class:  10,label:  50,prob: 0.243
index: 749,class:  45,label: 101,prob: 0.371
index: 750,class:  81,label:  61,prob: 0.268
index: 751,class:  84,label:  84,prob: 0.469
index: 752,class:  94,label:  93,prob: 0.53
index: 753,class:  97,label:  97,prob: 0.812
index: 754,class:   3,label:  38,prob: 0.477
index: 755,class:  80,label:  52,prob: 0.844
index: 756,class:  67,label:  39,prob: 0.25
index: 757,class:  35,label:  35,prob: 0.981
index: 758,class:  83,label:  68,prob: 0.962
index: 759,class:  71,label:  82,prob: 0.407
index: 760,class:  92,label:  71,prob: 0.438
index: 761,class:  60,label:  60,prob: 0.964
index: 762,class:   2,label:  83,prob: 0.381
index: 763,class:  67,label:  66,prob: 0.418
index: 764,class:  62,label:  62,prob: 0.986
index: 765,class:  36,label:  36,prob: 0.982
index: 766,class:  44,label:  33,prob: 0.504
index: 767,class:  85,label:  85,prob: 0.576
index: 768,class:  32,label:  32,prob: 0.695
index: 769,class:  82,label:  89,prob: 0.571
index: 770,class:  97,label:  97,prob: 0.784
index: 771,class:  90,label:  94,prob: 0.389
index: 772,class:  21,label:  21,prob: 0.798
index: 773,class:  50,label:  50,prob: 0.595
index: 774,class:  19,label:  19,prob: 0.303
index: 775,class:  86,label:  92,prob: 0.415
index: 776,class:  60,label: 101,prob: 0.488
index: 777,class:  46,label:  46,prob: 0.968
index: 778,class:  73,label:  73,prob: 0.672
index: 779,class:  34,label:  34,prob: 0.719
index: 780,class:  71,label:  85,prob: 0.597
index: 781,class:  23,label:  23,prob: 0.762
index: 782,class:  63,label:  63,prob: 0.696
index: 783,class:  80,label:  80,prob: 0.571
index: 784,class:  70,label:  70,prob: 0.815
index: 785,class:  36,label:  36,prob: 0.747
index: 786,class:  14,label:  47,prob: 0.434
index: 787,class:   3,label:   8,prob: 0.712
index: 788,class:  80,label:  80,prob: 0.995
index: 789,class:  29,label:  29,prob: 0.95
index: 790,class:  73,label: 100,prob: 0.408
index: 791,class:  73,label:  73,prob: 0.569
index: 792,class:  81,label:  31,prob: 0.714
index: 793,class:  97,label:  21,prob: 0.938
index: 794,class:  72,label:  72,prob: 0.955
index: 795,class:  72,label:  80,prob: 0.792
index: 796,class:  13,label:  13,prob: 0.838
index: 797,class:  90,label:  96,prob: 0.591
index: 798,class:  55,label:  55,prob: 0.932
index: 799,class:  77,label:  77,prob: 0.984
index: 800,class:  67,label:  67,prob: 0.639
index: 801,class:  38,label:  38,prob: 0.658
index: 802,class:  46,label:  46,prob: 0.877
index: 803,class:  42,label:  89,prob: 0.21
index: 804,class:  88,label:  96,prob: 0.229
index: 805,class:  10,label:  10,prob: 0.279
index: 806,class:  78,label:  78,prob: 0.45
index: 807,class:  87,label:   3,prob: 0.318
index: 808,class:   1,label:   1,prob: 0.384
index: 809,class:  81,label:  31,prob: 0.193
index: 810,class:  43,label:  43,prob: 0.845
index: 811,class:  83,label:  94,prob: 0.456
index: 812,class:  55,label:  55,prob: 0.61
index: 813,class:  39,label:  43,prob: 0.476
index: 814,class:  59,label:  59,prob: 0.999
index: 815,class:  37,label:  78,prob: 0.387
index: 816,class:  92,label:  38,prob: 0.225
index: 817,class:  58,label:  17,prob: 0.836
index: 818,class:  81,label:  17,prob: 0.6
index: 819,class:  10,label:  10,prob: 0.267
index: 820,class:  37,label:  22,prob: 0.695
index: 821,class:  88,label:  88,prob: 0.858
index: 822,class:  78,label:  78,prob: 0.636
index: 823,class:  92,label:   2,prob: 0.243
index: 824,class:   4,label:  25,prob: 0.484
index: 825,class:  57,label:  57,prob: 0.999
index: 826,class:  62,label:  62,prob: 0.997
index: 827,class:  72,label:  72,prob: 0.972
index: 828,class:  11,label:  11,prob: 0.533
index: 829,class:  54,label:  54,prob: 0.938
index: 830,class:  39,label:  39,prob: 0.679
index: 831,class:   3,label:   3,prob: 0.733
index: 832,class:  49,label:  26,prob: 0.343
index: 833,class:  69,label:  69,prob: 0.581
index: 834,class:  25,label:  25,prob: 0.973
index: 835,class:  21,label:  40,prob: 0.587
index: 836,class:  84,label:  84,prob: 0.535
index: 837,class:   4,label:   4,prob: 0.959
index: 838,class:  83,label:  83,prob: 0.39
index: 839,class:  51,label:  51,prob: 0.399
index: 840,class:  94,label:  24,prob: 0.372
index: 841,class:  57,label:  57,prob: 0.999
index: 842,class:  86,label:  86,prob: 0.382
index: 843,class:  52,label:  52,prob: 0.869
index: 844,class:   9,label:   9,prob: 0.889
index: 845,class:  72,label:  98,prob: 0.34
index: 846,class:  80,label:  80,prob: 0.905
index: 847,class:  59,label:  59,prob: 0.796
index: 848,class:  93,label:  93,prob: 0.98
index: 849,class:  89,label:  80,prob: 0.364
index: 850,class:  77,label:  77,prob: 0.998
index: 851,class:   2,label:  67,prob: 0.291
index: 852,class:  71,label:  71,prob: 0.882
index: 853,class:  45,label:  45,prob: 1.0
index: 854,class:  62,label:  62,prob: 0.975
index: 855,class:  71,label:  71,prob: 0.639
index: 856,class: 101,label: 101,prob: 0.747
index: 857,class:  80,label:  96,prob: 0.322
index: 858,class:  55,label:  55,prob: 0.825
index: 859,class:  19,label:  44,prob: 0.299
index: 860,class:  60,label:  60,prob: 0.832
index: 861,class:  83,label:  96,prob: 0.463
index: 862,class:  61,label:  61,prob: 0.85
index: 863,class:   3,label:  87,prob: 0.429
index: 864,class:  29,label:  29,prob: 0.753
index: 865,class:  39,label:  39,prob: 0.42
index: 866,class:  56,label:  37,prob: 0.344
index: 867,class:  29,label:  29,prob: 0.901
index: 868,class:  70,label:  70,prob: 0.856
index: 869,class:  69,label:  69,prob: 0.347
index: 870,class:  52,label:  99,prob: 0.567
index: 871,class:  22,label:  22,prob: 0.79
index: 872,class:  97,label:  18,prob: 0.59
index: 873,class:  45,label:  45,prob: 0.57
index: 874,class:  42,label: 100,prob: 0.334
index: 875,class:  63,label:  63,prob: 0.766
index: 876,class:  29,label:  90,prob: 0.323
index: 877,class:  34,label:  37,prob: 0.241
index: 878,class:  83,label:  17,prob: 0.914
index: 879,class:  45,label:  45,prob: 0.989
index: 880,class:  74,label:  67,prob: 0.774
index: 881,class:  30,label:  25,prob: 0.226
index: 882,class:  81,label:  85,prob: 0.259
index: 883,class:  49,label:  49,prob: 1.0
index: 884,class:  69,label:  69,prob: 0.265
index: 885,class:  73,label:  92,prob: 0.255
index: 886,class:  56,label:  56,prob: 0.888
index: 887,class:  97,label:  38,prob: 0.321
index: 888,class:  59,label:  58,prob: 0.468
index: 889,class:  63,label:  63,prob: 0.854
index: 890,class:  45,label:  45,prob: 0.975
index: 891,class:  29,label:  29,prob: 0.668
index: 892,class:  31,label:  44,prob: 0.341
index: 893,class:  33,label:  33,prob: 0.754
index: 894,class:  80,label:  80,prob: 0.998
index: 895,class:  83,label:  83,prob: 0.261
index: 896,class:   3,label:   2,prob: 0.323
index: 897,class:  27,label:  34,prob: 0.565
index: 898,class:  33,label:  33,prob: 0.567
index: 899,class:   9,label:   9,prob: 0.836
index: 900,class:  99,label:  99,prob: 0.862
index: 901,class:  79,label:  89,prob: 0.32
index: 902,class:  26,label:  26,prob: 0.862
index: 903,class:  97,label:  18,prob: 0.403
index: 904,class:  89,label:  89,prob: 0.588
index: 905,class:   3,label:   3,prob: 0.799
index: 906,class:  80,label:  80,prob: 0.858
index: 907,class: 100,label: 100,prob: 0.435
index: 908,class:  57,label:  57,prob: 0.991
index: 909,class:  79,label:  90,prob: 0.225
index: 910,class:  91,label:  91,prob: 0.988
index: 911,class:  91,label:  10,prob: 0.277
index: 912,class:   9,label:   9,prob: 0.73
index: 913,class:  49,label:   4,prob: 0.861
index: 914,class:  74,label:   2,prob: 0.481
index: 915,class:  54,label:  54,prob: 0.993
index: 916,class:  91,label:  31,prob: 0.335
index: 917,class:  40,label:  12,prob: 0.872
index: 918,class:  74,label:  74,prob: 0.993
index: 919,class:  18,label:  18,prob: 0.388
index: 920,class:  35,label:  35,prob: 0.581
index: 921,class:  86,label:   3,prob: 0.309
index: 922,class:  69,label:  69,prob: 0.167
index: 923,class:  60,label:  60,prob: 0.66
index: 924,class:  18,label:  18,prob: 0.276
index: 925,class:  97,label:   8,prob: 0.692
index: 926,class:   2,label:  27,prob: 0.333
index: 927,class:  10,label:  10,prob: 0.437
index: 928,class:  14,label:  26,prob: 0.446
index: 929,class:  26,label:  26,prob: 0.736
index: 930,class:   1,label:   1,prob: 0.973
index: 931,class:  47,label:  88,prob: 0.265
index: 932,class:  62,label:  62,prob: 0.993
index: 933,class:  70,label:  70,prob: 0.903
index: 934,class: 100,label: 100,prob: 0.402
index: 935,class:  72,label:  72,prob: 0.831
index: 936,class:  69,label:  69,prob: 0.491
index: 937,class:  74,label:  30,prob: 0.448
index: 938,class:   2,label:   0,prob: 0.387
index: 939,class:  68,label:  39,prob: 0.359
index: 940,class:  34,label:  34,prob: 0.74
index: 941,class:  79,label:  96,prob: 0.41
index: 942,class:  49,label:  11,prob: 0.839
index: 943,class:  94,label:  35,prob: 0.195
index: 944,class:  36,label:  36,prob: 0.851
index: 945,class:  93,label:   8,prob: 0.288
index: 946,class:  51,label:  51,prob: 0.681
index: 947,class:  52,label:  84,prob: 0.783
index: 948,class:  89,label:  89,prob: 0.449
index: 949,class:  22,label:  22,prob: 0.779
index: 950,class:   9,label:  13,prob: 0.494
index: 951,class:  40,label:  40,prob: 0.999
index: 952,class:  27,label:  27,prob: 0.515
index: 953,class:  22,label:  22,prob: 0.804
index: 954,class:  83,label:  22,prob: 0.27
index: 955,class:  74,label:  74,prob: 0.558
index: 956,class:   9,label:   9,prob: 0.779
index: 957,class:  27,label:  24,prob: 0.544
index: 958,class:   3,label:   2,prob: 0.497
index: 959,class:   7,label:   7,prob: 0.492
index: 960,class:  56,label:  56,prob: 0.822
index: 961,class:  55,label:  55,prob: 0.947
index: 962,class:  44,label:  44,prob: 0.435
index: 963,class:  73,label:  38,prob: 0.127
index: 964,class:  16,label:  16,prob: 0.943
index: 965,class:  80,label:  80,prob: 0.863
index: 966,class:  62,label:  62,prob: 0.996
index: 967,class:  57,label:  23,prob: 0.579
index: 968,class:  35,label:  35,prob: 0.617
index: 969,class:   1,label:   1,prob: 1.0
index: 970,class:  64,label:  64,prob: 1.0
index: 971,class:  17,label:  17,prob: 0.759
index: 972,class:  81,label:  81,prob: 0.924
index: 973,class:  87,label:  87,prob: 0.826
index: 974,class:  64,label:  64,prob: 0.979
index: 975,class:  88,label:  88,prob: 0.373
index: 976,class:  78,label:  78,prob: 0.895
index: 977,class:  98,label: 100,prob: 0.806
index: 978,class:  35,label:   6,prob: 0.409
index: 979,class:  67,label:  19,prob: 0.214
index: 980,class:  32,label:  32,prob: 0.642
index: 981,class:  32,label:  32,prob: 0.52
index: 982,class:  82,label:  82,prob: 0.765
index: 983,class:  83,label:  83,prob: 0.287
index: 984,class:   3,label:  36,prob: 0.583
index: 985,class:  96,label:  96,prob: 0.462
index: 986,class:  77,label:  31,prob: 0.426
index: 987,class:  91,label:  56,prob: 0.57
index: 988,class:  40,label:  99,prob: 0.613
index: 989,class:   7,label:   7,prob: 0.165
index: 990,class:  59,label: 101,prob: 0.27
index: 991,class:   6,label:  17,prob: 0.218
index: 992,class:  54,label:  54,prob: 0.629
index: 993,class:  57,label:  57,prob: 1.0
index: 994,class:  77,label:  77,prob: 0.888
index: 995,class:  32,label:  32,prob: 0.763
index: 996,class:  37,label:  34,prob: 0.771
index: 997,class:  75,label:  85,prob: 0.316
index: 998,class:  27,label:  32,prob: 0.452
index: 999,class:  85,label:  85,prob: 0.917
index: 1000,class:   3,label:   3,prob: 0.205
index: 1001,class:  65,label:  65,prob: 1.0
index: 1002,class:  39,label:  39,prob: 0.243
index: 1003,class:  91,label:  91,prob: 0.438
index: 1004,class:  29,label:  29,prob: 0.89
index: 1005,class:  90,label:  79,prob: 0.699
index: 1006,class:   3,label:  50,prob: 0.269
index: 1007,class:  81,label:  81,prob: 0.841
index: 1008,class:  98,label:  98,prob: 0.889
index: 1009,class:  90,label:  42,prob: 0.47
index: 1010,class:  49,label:  11,prob: 0.844
index: 1011,class:  63,label:  63,prob: 0.979
index: 1012,class:  66,label:  66,prob: 0.377
index: 1013,class:  41,label:   7,prob: 0.395
index: 1014,class:  74,label:  94,prob: 0.459
index: 1015,class:  59,label:  59,prob: 0.999
index: 1016,class:  93,label:  93,prob: 0.984
index: 1017,class:  57,label:  57,prob: 1.0
index: 1018,class:  81,label:  81,prob: 0.819
index: 1019,class:   3,label:  10,prob: 0.301
acc:0.5970588235294118
